
Clover EFI installer log - Thu Oct 18 11:42:46 WIB 2018
Installer version: v2.4k r4658 EFI bootloader
======================================================
/dev/disk0 (internal, physical):
   #:                       TYPE NAME                    SIZE       IDENTIFIER
   0:      GUID_partition_scheme                        *500.1 GB   disk0
   1:                        EFI EFI                     209.7 MB   disk0s1
   2:          Apple_CoreStorage macOS HDD               100.0 GB   disk0s2
   3:                 Apple_Boot Recovery HD             650.0 MB   disk0s3
   4:                  Apple_HFS Data                    348.8 GB   disk0s4
   5:         Microsoft Reserved                         16.8 MB    disk0s5
   6:       Microsoft Basic Data                         50.5 GB    disk0s6

/dev/disk1 (internal, virtual):
   #:                       TYPE NAME                    SIZE       IDENTIFIER
   0:                  Apple_HFS macOS HDD              +99.6 GB    disk1
                                 Logical Volume on disk0s2
                                 5C6E0DC2-AD37-41C9-967D-05B419890615
                                 Unencrypted

/dev/disk2 (external, physical):
   #:                       TYPE NAME                    SIZE       IDENTIFIER
   0:      GUID_partition_scheme                        *7.8 GB     disk2
   1:                        EFI EFI                     209.7 MB   disk2s1
   2:                  Apple_HFS Install macOS High S... 7.4 GB     disk2s2

======================================================
Backing up EFI files

Backing up stage2 file /Volumes/Install macOS High Sierra/EFIROOTDIR/boot  to /Volumes/Install macOS High Sierra/EFI-Backups/r4297/2018-10-18-11h42/boot
Backing up /Volumes/Install macOS High Sierra/EFIROOTDIR/EFI folder to /Volumes/Install macOS High Sierra/EFI-Backups/r4297/2018-10-18-11h42/EFI
No Active Partition

Stage 0 - Writing boot0af to /dev/rdisk2
dd if=/dev/rdisk2 count=1 bs=512 of=/tmp/origMBR
cp /tmp/origMBR /tmp/newMBR
dd if=/Volumes/Install macOS High Sierra/usr/standalone/i386/boot0af of=/tmp/newMBR bs=440 count=1 conv=notrunc
fdisk -f /tmp/newMBR -u -y /dev/rdisk2

Stage 1 - Writing boot1f32 to /dev/rdisk2s1
dd if=/dev/rdisk2s1 count=1 bs=512 of=/tmp/origbs
boot volume format is FAT32
cp /tmp/boot1f32 /tmp/newbs
dd if=/tmp/origbs of=/tmp/newbs skip=3 seek=3 bs=1 count=87 conv=notrunc
dd if=/tmp/newbs of=/dev/rdisk2s1

Stage 2 - Written boot6 (x64) to /Volumes/EFI/boot

======================================================
=========== Clover EFI Installation Finish ===========
======================================================
